Archive member included to satisfy reference by file (symbol)

d:/program files (x86)/7.0/toolchain/avr8/avr8-gnu-toolchain/bin/../lib/gcc/avr/5.4.0/avr6\libgcc.a(_udivmodhi4.o)
                              ADC.o (__udivmodhi4)
d:/program files (x86)/7.0/toolchain/avr8/avr8-gnu-toolchain/bin/../lib/gcc/avr/5.4.0/avr6\libgcc.a(_divmodsi4.o)
                              Timer.o (__divmodsi4)
d:/program files (x86)/7.0/toolchain/avr8/avr8-gnu-toolchain/bin/../lib/gcc/avr/5.4.0/avr6\libgcc.a(_negsi2.o)
                              d:/program files (x86)/7.0/toolchain/avr8/avr8-gnu-toolchain/bin/../lib/gcc/avr/5.4.0/avr6\libgcc.a(_divmodsi4.o) (__negsi2)
d:/program files (x86)/7.0/toolchain/avr8/avr8-gnu-toolchain/bin/../lib/gcc/avr/5.4.0/avr6\libgcc.a(_exit.o)
                              D:/Program Files (x86)/7.0/Packs/atmel/ATmega_DFP/1.2.132/gcc/dev/atmega2560/avr6/crtatmega2560.o (exit)
d:/program files (x86)/7.0/toolchain/avr8/avr8-gnu-toolchain/bin/../lib/gcc/avr/5.4.0/avr6\libgcc.a(_copy_data.o)
                              ADC.o (__do_copy_data)
d:/program files (x86)/7.0/toolchain/avr8/avr8-gnu-toolchain/bin/../lib/gcc/avr/5.4.0/avr6\libgcc.a(_clear_bss.o)
                              ADC.o (__do_clear_bss)
d:/program files (x86)/7.0/toolchain/avr8/avr8-gnu-toolchain/bin/../lib/gcc/avr/5.4.0/avr6\libgcc.a(_umulhisi3.o)
                              Timer.o (__umulhisi3)
d:/program files (x86)/7.0/toolchain/avr8/avr8-gnu-toolchain/bin/../lib/gcc/avr/5.4.0/avr6\libgcc.a(_udivmodsi4.o)
                              d:/program files (x86)/7.0/toolchain/avr8/avr8-gnu-toolchain/bin/../lib/gcc/avr/5.4.0/avr6\libgcc.a(_divmodsi4.o) (__udivmodsi4)

Allocating common symbols
Common symbol       size              file

cancion             0x2               Timer.o
bufferRx            0x42              UART0.o
bufferTx            0x42              UART0.o

Discarded input sections

 .data          0x00000000        0x0 D:/Program Files (x86)/7.0/Packs/atmel/ATmega_DFP/1.2.132/gcc/dev/atmega2560/avr6/crtatmega2560.o
 .bss           0x00000000        0x0 D:/Program Files (x86)/7.0/Packs/atmel/ATmega_DFP/1.2.132/gcc/dev/atmega2560/avr6/crtatmega2560.o
 .text          0x00000000        0x0 ADC.o
 .data          0x00000000        0x0 ADC.o
 .bss           0x00000000        0x0 ADC.o
 .text          0x00000000        0x0 main.o
 .data          0x00000000        0x0 main.o
 .bss           0x00000000        0x0 main.o
 .rodata.AngelesAzules
                0x00000000      0x168 main.o
 .bss.offsetADC
                0x00000000        0x2 main.o
 .bss.min       0x00000000        0x2 main.o
 .bss.max       0x00000000        0x2 main.o
 .text          0x00000000        0x0 Timer.o
 .data          0x00000000        0x0 Timer.o
 .bss           0x00000000        0x0 Timer.o
 .bss.secFlag   0x00000000        0x1 Timer.o
 .text          0x00000000        0x0 UART0.o
 .data          0x00000000        0x0 UART0.o
 .bss           0x00000000        0x0 UART0.o
 .text          0x00000000        0x0 d:/program files (x86)/7.0/toolchain/avr8/avr8-gnu-toolchain/bin/../lib/gcc/avr/5.4.0/avr6\libgcc.a(_udivmodhi4.o)
 .data          0x00000000        0x0 d:/program files (x86)/7.0/toolchain/avr8/avr8-gnu-toolchain/bin/../lib/gcc/avr/5.4.0/avr6\libgcc.a(_udivmodhi4.o)
 .bss           0x00000000        0x0 d:/program files (x86)/7.0/toolchain/avr8/avr8-gnu-toolchain/bin/../lib/gcc/avr/5.4.0/avr6\libgcc.a(_udivmodhi4.o)
 .text.libgcc.mul
                0x00000000        0x0 d:/program files (x86)/7.0/toolchain/avr8/avr8-gnu-toolchain/bin/../lib/gcc/avr/5.4.0/avr6\libgcc.a(_udivmodhi4.o)
 .text.libgcc   0x00000000        0x0 d:/program files (x86)/7.0/toolchain/avr8/avr8-gnu-toolchain/bin/../lib/gcc/avr/5.4.0/avr6\libgcc.a(_udivmodhi4.o)
 .text.libgcc.prologue
                0x00000000        0x0 d:/program files (x86)/7.0/toolchain/avr8/avr8-gnu-toolchain/bin/../lib/gcc/avr/5.4.0/avr6\libgcc.a(_udivmodhi4.o)
 .text.libgcc.builtins
                0x00000000        0x0 d:/program files (x86)/7.0/toolchain/avr8/avr8-gnu-toolchain/bin/../lib/gcc/avr/5.4.0/avr6\libgcc.a(_udivmodhi4.o)
 .text.libgcc.fmul
                0x00000000        0x0 d:/program files (x86)/7.0/toolchain/avr8/avr8-gnu-toolchain/bin/../lib/gcc/avr/5.4.0/avr6\libgcc.a(_udivmodhi4.o)
 .text.libgcc.fixed
                0x00000000        0x0 d:/program files (x86)/7.0/toolchain/avr8/avr8-gnu-toolchain/bin/../lib/gcc/avr/5.4.0/avr6\libgcc.a(_udivmodhi4.o)
 .text          0x00000000        0x0 d:/program files (x86)/7.0/toolchain/avr8/avr8-gnu-toolchain/bin/../lib/gcc/avr/5.4.0/avr6\libgcc.a(_divmodsi4.o)
 .data          0x00000000        0x0 d:/program files (x86)/7.0/toolchain/avr8/avr8-gnu-toolchain/bin/../lib/gcc/avr/5.4.0/avr6\libgcc.a(_divmodsi4.o)
 .bss           0x00000000        0x0 d:/program files (x86)/7.0/toolchain/avr8/avr8-gnu-toolchain/bin/../lib/gcc/avr/5.4.0/avr6\libgcc.a(_divmodsi4.o)
 .text.libgcc.mul
                0x00000000        0x0 d:/program files (x86)/7.0/toolchain/avr8/avr8-gnu-toolchain/bin/../lib/gcc/avr/5.4.0/avr6\libgcc.a(_divmodsi4.o)
 .text.libgcc   0x00000000        0x0 d:/program files (x86)/7.0/toolchain/avr8/avr8-gnu-toolchain/bin/../lib/gcc/avr/5.4.0/avr6\libgcc.a(_divmodsi4.o)
 .text.libgcc.prologue
                0x00000000        0x0 d:/program files (x86)/7.0/toolchain/avr8/avr8-gnu-toolchain/bin/../lib/gcc/avr/5.4.0/avr6\libgcc.a(_divmodsi4.o)
 .text.libgcc.builtins
                0x00000000        0x0 d:/program files (x86)/7.0/toolchain/avr8/avr8-gnu-toolchain/bin/../lib/gcc/avr/5.4.0/avr6\libgcc.a(_divmodsi4.o)
 .text.libgcc.fmul
                0x00000000        0x0 d:/program files (x86)/7.0/toolchain/avr8/avr8-gnu-toolchain/bin/../lib/gcc/avr/5.4.0/avr6\libgcc.a(_divmodsi4.o)
 .text.libgcc.fixed
                0x00000000        0x0 d:/program files (x86)/7.0/toolchain/avr8/avr8-gnu-toolchain/bin/../lib/gcc/avr/5.4.0/avr6\libgcc.a(_divmodsi4.o)
 .text          0x00000000        0x0 d:/program files (x86)/7.0/toolchain/avr8/avr8-gnu-toolchain/bin/../lib/gcc/avr/5.4.0/avr6\libgcc.a(_negsi2.o)
 .data          0x00000000        0x0 d:/program files (x86)/7.0/toolchain/avr8/avr8-gnu-toolchain/bin/../lib/gcc/avr/5.4.0/avr6\libgcc.a(_negsi2.o)
 .bss           0x00000000        0x0 d:/program files (x86)/7.0/toolchain/avr8/avr8-gnu-toolchain/bin/../lib/gcc/avr/5.4.0/avr6\libgcc.a(_negsi2.o)
 .text.libgcc.mul
                0x00000000        0x0 d:/program files (x86)/7.0/toolchain/avr8/avr8-gnu-toolchain/bin/../lib/gcc/avr/5.4.0/avr6\libgcc.a(_negsi2.o)
 .text.libgcc   0x00000000        0x0 d:/program files (x86)/7.0/toolchain/avr8/avr8-gnu-toolchain/bin/../lib/gcc/avr/5.4.0/avr6\libgcc.a(_negsi2.o)
 .text.libgcc.prologue
                0x00000000        0x0 d:/program files (x86)/7.0/toolchain/avr8/avr8-gnu-toolchain/bin/../lib/gcc/avr/5.4.0/avr6\libgcc.a(_negsi2.o)
 .text.libgcc.builtins
                0x00000000        0x0 d:/program files (x86)/7.0/toolchain/avr8/avr8-gnu-toolchain/bin/../lib/gcc/avr/5.4.0/avr6\libgcc.a(_negsi2.o)
 .text.libgcc.fmul
                0x00000000        0x0 d:/program files (x86)/7.0/toolchain/avr8/avr8-gnu-toolchain/bin/../lib/gcc/avr/5.4.0/avr6\libgcc.a(_negsi2.o)
 .text.libgcc.fixed
                0x00000000        0x0 d:/program files (x86)/7.0/toolchain/avr8/avr8-gnu-toolchain/bin/../lib/gcc/avr/5.4.0/avr6\libgcc.a(_negsi2.o)
 .text          0x00000000        0x0 d:/program files (x86)/7.0/toolchain/avr8/avr8-gnu-toolchain/bin/../lib/gcc/avr/5.4.0/avr6\libgcc.a(_exit.o)
 .data          0x00000000        0x0 d:/program files (x86)/7.0/toolchain/avr8/avr8-gnu-toolchain/bin/../lib/gcc/avr/5.4.0/avr6\libgcc.a(_exit.o)
 .bss           0x00000000        0x0 d:/program files (x86)/7.0/toolchain/avr8/avr8-gnu-toolchain/bin/../lib/gcc/avr/5.4.0/avr6\libgcc.a(_exit.o)
 .text.libgcc.mul
                0x00000000        0x0 d:/program files (x86)/7.0/toolchain/avr8/avr8-gnu-toolchain/bin/../lib/gcc/avr/5.4.0/avr6\libgcc.a(_exit.o)
 .text.libgcc.div
                0x00000000        0x0 d:/program files (x86)/7.0/toolchain/avr8/avr8-gnu-toolchain/bin/../lib/gcc/avr/5.4.0/avr6\libgcc.a(_exit.o)
 .text.libgcc   0x00000000        0x0 d:/program files (x86)/7.0/toolchain/avr8/avr8-gnu-toolchain/bin/../lib/gcc/avr/5.4.0/avr6\libgcc.a(_exit.o)
 .text.libgcc.prologue
                0x00000000        0x0 d:/program files (x86)/7.0/toolchain/avr8/avr8-gnu-toolchain/bin/../lib/gcc/avr/5.4.0/avr6\libgcc.a(_exit.o)
 .text.libgcc.builtins
                0x00000000        0x0 d:/program files (x86)/7.0/toolchain/avr8/avr8-gnu-toolchain/bin/../lib/gcc/avr/5.4.0/avr6\libgcc.a(_exit.o)
 .text.libgcc.fmul
                0x00000000        0x0 d:/program files (x86)/7.0/toolchain/avr8/avr8-gnu-toolchain/bin/../lib/gcc/avr/5.4.0/avr6\libgcc.a(_exit.o)
 .text.libgcc.fixed
                0x00000000        0x0 d:/program files (x86)/7.0/toolchain/avr8/avr8-gnu-toolchain/bin/../lib/gcc/avr/5.4.0/avr6\libgcc.a(_exit.o)
 .text          0x00000000        0x0 d:/program files (x86)/7.0/toolchain/avr8/avr8-gnu-toolchain/bin/../lib/gcc/avr/5.4.0/avr6\libgcc.a(_copy_data.o)
 .data          0x00000000        0x0 d:/program files (x86)/7.0/toolchain/avr8/avr8-gnu-toolchain/bin/../lib/gcc/avr/5.4.0/avr6\libgcc.a(_copy_data.o)
 .bss           0x00000000        0x0 d:/program files (x86)/7.0/toolchain/avr8/avr8-gnu-toolchain/bin/../lib/gcc/avr/5.4.0/avr6\libgcc.a(_copy_data.o)
 .text.libgcc.mul
                0x00000000        0x0 d:/program files (x86)/7.0/toolchain/avr8/avr8-gnu-toolchain/bin/../lib/gcc/avr/5.4.0/avr6\libgcc.a(_copy_data.o)
 .text.libgcc.div
                0x00000000        0x0 d:/program files (x86)/7.0/toolchain/avr8/avr8-gnu-toolchain/bin/../lib/gcc/avr/5.4.0/avr6\libgcc.a(_copy_data.o)
 .text.libgcc   0x00000000        0x0 d:/program files (x86)/7.0/toolchain/avr8/avr8-gnu-toolchain/bin/../lib/gcc/avr/5.4.0/avr6\libgcc.a(_copy_data.o)
 .text.libgcc.prologue
                0x00000000        0x0 d:/program files (x86)/7.0/toolchain/avr8/avr8-gnu-toolchain/bin/../lib/gcc/avr/5.4.0/avr6\libgcc.a(_copy_data.o)
 .text.libgcc.builtins
                0x00000000        0x0 d:/program files (x86)/7.0/toolchain/avr8/avr8-gnu-toolchain/bin/../lib/gcc/avr/5.4.0/avr6\libgcc.a(_copy_data.o)
 .text.libgcc.fmul
                0x00000000        0x0 d:/program files (x86)/7.0/toolchain/avr8/avr8-gnu-toolchain/bin/../lib/gcc/avr/5.4.0/avr6\libgcc.a(_copy_data.o)
 .text.libgcc.fixed
                0x00000000        0x0 d:/program files (x86)/7.0/toolchain/avr8/avr8-gnu-toolchain/bin/../lib/gcc/avr/5.4.0/avr6\libgcc.a(_copy_data.o)
 .text          0x00000000        0x0 d:/program files (x86)/7.0/toolchain/avr8/avr8-gnu-toolchain/bin/../lib/gcc/avr/5.4.0/avr6\libgcc.a(_clear_bss.o)
 .data          0x00000000        0x0 d:/program files (x86)/7.0/toolchain/avr8/avr8-gnu-toolchain/bin/../lib/gcc/avr/5.4.0/avr6\libgcc.a(_clear_bss.o)
 .bss           0x00000000        0x0 d:/program files (x86)/7.0/toolchain/avr8/avr8-gnu-toolchain/bin/../lib/gcc/avr/5.4.0/avr6\libgcc.a(_clear_bss.o)
 .text.libgcc.mul
                0x00000000        0x0 d:/program files (x86)/7.0/toolchain/avr8/avr8-gnu-toolchain/bin/../lib/gcc/avr/5.4.0/avr6\libgcc.a(_clear_bss.o)
 .text.libgcc.div
                0x00000000        0x0 d:/program files (x86)/7.0/toolchain/avr8/avr8-gnu-toolchain/bin/../lib/gcc/avr/5.4.0/avr6\libgcc.a(_clear_bss.o)
 .text.libgcc   0x00000000        0x0 d:/program files (x86)/7.0/toolchain/avr8/avr8-gnu-toolchain/bin/../lib/gcc/avr/5.4.0/avr6\libgcc.a(_clear_bss.o)
 .text.libgcc.prologue
                0x00000000        0x0 d:/program files (x86)/7.0/toolchain/avr8/avr8-gnu-toolchain/bin/../lib/gcc/avr/5.4.0/avr6\libgcc.a(_clear_bss.o)
 .text.libgcc.builtins
                0x00000000        0x0 d:/program files (x86)/7.0/toolchain/avr8/avr8-gnu-toolchain/bin/../lib/gcc/avr/5.4.0/avr6\libgcc.a(_clear_bss.o)
 .text.libgcc.fmul
                0x00000000        0x0 d:/program files (x86)/7.0/toolchain/avr8/avr8-gnu-toolchain/bin/../lib/gcc/avr/5.4.0/avr6\libgcc.a(_clear_bss.o)
 .text.libgcc.fixed
                0x00000000        0x0 d:/program files (x86)/7.0/toolchain/avr8/avr8-gnu-toolchain/bin/../lib/gcc/avr/5.4.0/avr6\libgcc.a(_clear_bss.o)
 .text          0x00000000        0x0 d:/program files (x86)/7.0/toolchain/avr8/avr8-gnu-toolchain/bin/../lib/gcc/avr/5.4.0/avr6\libgcc.a(_umulhisi3.o)
 .data          0x00000000        0x0 d:/program files (x86)/7.0/toolchain/avr8/avr8-gnu-toolchain/bin/../lib/gcc/avr/5.4.0/avr6\libgcc.a(_umulhisi3.o)
 .bss           0x00000000        0x0 d:/program files (x86)/7.0/toolchain/avr8/avr8-gnu-toolchain/bin/../lib/gcc/avr/5.4.0/avr6\libgcc.a(_umulhisi3.o)
 .text.libgcc.div
                0x00000000        0x0 d:/program files (x86)/7.0/toolchain/avr8/avr8-gnu-toolchain/bin/../lib/gcc/avr/5.4.0/avr6\libgcc.a(_umulhisi3.o)
 .text.libgcc   0x00000000        0x0 d:/program files (x86)/7.0/toolchain/avr8/avr8-gnu-toolchain/bin/../lib/gcc/avr/5.4.0/avr6\libgcc.a(_umulhisi3.o)
 .text.libgcc.prologue
                0x00000000        0x0 d:/program files (x86)/7.0/toolchain/avr8/avr8-gnu-toolchain/bin/../lib/gcc/avr/5.4.0/avr6\libgcc.a(_umulhisi3.o)
 .text.libgcc.builtins
                0x00000000        0x0 d:/program files (x86)/7.0/toolchain/avr8/avr8-gnu-toolchain/bin/../lib/gcc/avr/5.4.0/avr6\libgcc.a(_umulhisi3.o)
 .text.libgcc.fmul
                0x00000000        0x0 d:/program files (x86)/7.0/toolchain/avr8/avr8-gnu-toolchain/bin/../lib/gcc/avr/5.4.0/avr6\libgcc.a(_umulhisi3.o)
 .text.libgcc.fixed
                0x00000000        0x0 d:/program files (x86)/7.0/toolchain/avr8/avr8-gnu-toolchain/bin/../lib/gcc/avr/5.4.0/avr6\libgcc.a(_umulhisi3.o)
 .text          0x00000000        0x0 d:/program files (x86)/7.0/toolchain/avr8/avr8-gnu-toolchain/bin/../lib/gcc/avr/5.4.0/avr6\libgcc.a(_udivmodsi4.o)
 .data          0x00000000        0x0 d:/program files (x86)/7.0/toolchain/avr8/avr8-gnu-toolchain/bin/../lib/gcc/avr/5.4.0/avr6\libgcc.a(_udivmodsi4.o)
 .bss           0x00000000        0x0 d:/program files (x86)/7.0/toolchain/avr8/avr8-gnu-toolchain/bin/../lib/gcc/avr/5.4.0/avr6\libgcc.a(_udivmodsi4.o)
 .text.libgcc.mul
                0x00000000        0x0 d:/program files (x86)/7.0/toolchain/avr8/avr8-gnu-toolchain/bin/../lib/gcc/avr/5.4.0/avr6\libgcc.a(_udivmodsi4.o)
 .text.libgcc   0x00000000        0x0 d:/program files (x86)/7.0/toolchain/avr8/avr8-gnu-toolchain/bin/../lib/gcc/avr/5.4.0/avr6\libgcc.a(_udivmodsi4.o)
 .text.libgcc.prologue
                0x00000000        0x0 d:/program files (x86)/7.0/toolchain/avr8/avr8-gnu-toolchain/bin/../lib/gcc/avr/5.4.0/avr6\libgcc.a(_udivmodsi4.o)
 .text.libgcc.builtins
                0x00000000        0x0 d:/program files (x86)/7.0/toolchain/avr8/avr8-gnu-toolchain/bin/../lib/gcc/avr/5.4.0/avr6\libgcc.a(_udivmodsi4.o)
 .text.libgcc.fmul
                0x00000000        0x0 d:/program files (x86)/7.0/toolchain/avr8/avr8-gnu-toolchain/bin/../lib/gcc/avr/5.4.0/avr6\libgcc.a(_udivmodsi4.o)
 .text.libgcc.fixed
                0x00000000        0x0 d:/program files (x86)/7.0/toolchain/avr8/avr8-gnu-toolchain/bin/../lib/gcc/avr/5.4.0/avr6\libgcc.a(_udivmodsi4.o)

Memory Configuration

Name             Origin             Length             Attributes
text             0x00000000         0x00100000         xr
data             0x00800200         0x0000fe00         rw !x
eeprom           0x00810000         0x00010000         rw !x
fuse             0x00820000         0x00000003         rw !x
lock             0x00830000         0x00000400         rw !x
signature        0x00840000         0x00000400         rw !x
user_signatures  0x00850000         0x00000400         rw !x
*default*        0x00000000         0xffffffff

Linker script and memory map

Address of section .data set to 0x800200
LOAD D:/Program Files (x86)/7.0/Packs/atmel/ATmega_DFP/1.2.132/gcc/dev/atmega2560/avr6/crtatmega2560.o
LOAD ADC.o
LOAD main.o
LOAD Timer.o
LOAD UART0.o
START GROUP
LOAD d:/program files (x86)/7.0/toolchain/avr8/avr8-gnu-toolchain/bin/../lib/gcc/avr/5.4.0/../../../../avr/lib/avr6\libm.a
END GROUP
START GROUP
LOAD d:/program files (x86)/7.0/toolchain/avr8/avr8-gnu-toolchain/bin/../lib/gcc/avr/5.4.0/avr6\libgcc.a
LOAD d:/program files (x86)/7.0/toolchain/avr8/avr8-gnu-toolchain/bin/../lib/gcc/avr/5.4.0/../../../../avr/lib/avr6\libm.a
LOAD d:/program files (x86)/7.0/toolchain/avr8/avr8-gnu-toolchain/bin/../lib/gcc/avr/5.4.0/../../../../avr/lib/avr6\libc.a
LOAD D:/Program Files (x86)/7.0/Packs/atmel/ATmega_DFP/1.2.132/gcc/dev/atmega2560/avr6\libatmega2560.a
END GROUP
                0x00100000                __TEXT_REGION_LENGTH__ = DEFINED (__TEXT_REGION_LENGTH__)?__TEXT_REGION_LENGTH__:0x100000
                0x0000fe00                __DATA_REGION_LENGTH__ = DEFINED (__DATA_REGION_LENGTH__)?__DATA_REGION_LENGTH__:0xfe00
                0x00010000                __EEPROM_REGION_LENGTH__ = DEFINED (__EEPROM_REGION_LENGTH__)?__EEPROM_REGION_LENGTH__:0x10000
                [0x00000003]                __FUSE_REGION_LENGTH__ = DEFINED (__FUSE_REGION_LENGTH__)?__FUSE_REGION_LENGTH__:0x400
                0x00000400                __LOCK_REGION_LENGTH__ = DEFINED (__LOCK_REGION_LENGTH__)?__LOCK_REGION_LENGTH__:0x400
                0x00000400                __SIGNATURE_REGION_LENGTH__ = DEFINED (__SIGNATURE_REGION_LENGTH__)?__SIGNATURE_REGION_LENGTH__:0x400
                0x00000400                __USER_SIGNATURE_REGION_LENGTH__ = DEFINED (__USER_SIGNATURE_REGION_LENGTH__)?__USER_SIGNATURE_REGION_LENGTH__:0x400

.hash
 *(.hash)

.dynsym
 *(.dynsym)

.dynstr
 *(.dynstr)

.gnu.version
 *(.gnu.version)

.gnu.version_d
 *(.gnu.version_d)

.gnu.version_r
 *(.gnu.version_r)

.rel.init
 *(.rel.init)

.rela.init
 *(.rela.init)

.rel.text
 *(.rel.text)
 *(.rel.text.*)
 *(.rel.gnu.linkonce.t*)

.rela.text
 *(.rela.text)
 *(.rela.text.*)
 *(.rela.gnu.linkonce.t*)

.rel.fini
 *(.rel.fini)

.rela.fini
 *(.rela.fini)

.rel.rodata
 *(.rel.rodata)
 *(.rel.rodata.*)
 *(.rel.gnu.linkonce.r*)

.rela.rodata
 *(.rela.rodata)
 *(.rela.rodata.*)
 *(.rela.gnu.linkonce.r*)

.rel.data
 *(.rel.data)
 *(.rel.data.*)
 *(.rel.gnu.linkonce.d*)

.rela.data
 *(.rela.data)
 *(.rela.data.*)
 *(.rela.gnu.linkonce.d*)

.rel.ctors
 *(.rel.ctors)

.rela.ctors
 *(.rela.ctors)

.rel.dtors
 *(.rel.dtors)

.rela.dtors
 *(.rela.dtors)

.rel.got
 *(.rel.got)

.rela.got
 *(.rela.got)

.rel.bss
 *(.rel.bss)

.rela.bss
 *(.rela.bss)

.rel.plt
 *(.rel.plt)

.rela.plt
 *(.rela.plt)

.text           0x00000000      0x978
 *(.vectors)
 .vectors       0x00000000       0xe4 D:/Program Files (x86)/7.0/Packs/atmel/ATmega_DFP/1.2.132/gcc/dev/atmega2560/avr6/crtatmega2560.o
                0x00000000                __vector_default
                0x00000000                __vectors
 *(.vectors)
 *(.progmem.gcc*)
                0x000000e4                . = ALIGN (0x2)
                0x000000e4                __trampolines_start = .
 *(.trampolines)
 .trampolines   0x000000e4        0x0 linker stubs
 *(.trampolines*)
                0x000000e4                __trampolines_end = .
 *libprintf_flt.a:*(.progmem.data)
 *libc.a:*(.progmem.data)
 *(.progmem*)
                0x000000e4                . = ALIGN (0x2)
 *(.jumptables)
 *(.jumptables*)
 *(.lowtext)
 *(.lowtext*)
                0x000000e4                __ctors_start = .
 *(.ctors)
                0x000000e4                __ctors_end = .
                0x000000e4                __dtors_start = .
 *(.dtors)
                0x000000e4                __dtors_end = .
 SORT(*)(.ctors)
 SORT(*)(.dtors)
 *(.init0)
 .init0         0x000000e4        0x0 D:/Program Files (x86)/7.0/Packs/atmel/ATmega_DFP/1.2.132/gcc/dev/atmega2560/avr6/crtatmega2560.o
                0x000000e4                __init
 *(.init0)
 *(.init1)
 *(.init1)
 *(.init2)
 .init2         0x000000e4       0x10 D:/Program Files (x86)/7.0/Packs/atmel/ATmega_DFP/1.2.132/gcc/dev/atmega2560/avr6/crtatmega2560.o
 *(.init2)
 *(.init3)
 *(.init3)
 *(.init4)
 .init4         0x000000f4       0x1a d:/program files (x86)/7.0/toolchain/avr8/avr8-gnu-toolchain/bin/../lib/gcc/avr/5.4.0/avr6\libgcc.a(_copy_data.o)
                0x000000f4                __do_copy_data
 .init4         0x0000010e       0x10 d:/program files (x86)/7.0/toolchain/avr8/avr8-gnu-toolchain/bin/../lib/gcc/avr/5.4.0/avr6\libgcc.a(_clear_bss.o)
                0x0000010e                __do_clear_bss
 *(.init4)
 *(.init5)
 *(.init5)
 *(.init6)
 *(.init6)
 *(.init7)
 *(.init7)
 *(.init8)
 *(.init8)
 *(.init9)
 .init9         0x0000011e        0x4 D:/Program Files (x86)/7.0/Packs/atmel/ATmega_DFP/1.2.132/gcc/dev/atmega2560/avr6/crtatmega2560.o
 *(.init9)
 *(.text)
 .text          0x00000122        0x2 D:/Program Files (x86)/7.0/Packs/atmel/ATmega_DFP/1.2.132/gcc/dev/atmega2560/avr6/crtatmega2560.o
                0x00000122                __vector_38
                0x00000122                __vector_22
                0x00000122                __vector_28
                0x00000122                __vector_1
                0x00000122                __vector_32
                0x00000122                __vector_34
                0x00000122                __vector_24
                0x00000122                __vector_12
                0x00000122                __vector_55
                0x00000122                __vector_46
                0x00000122                __bad_interrupt
                0x00000122                __vector_6
                0x00000122                __vector_31
                0x00000122                __vector_35
                0x00000122                __vector_39
                0x00000122                __vector_3
                0x00000122                __vector_23
                0x00000122                __vector_30
                0x00000122                __vector_45
                0x00000122                __vector_11
                0x00000122                __vector_54
                0x00000122                __vector_13
                0x00000122                __vector_17
                0x00000122                __vector_19
                0x00000122                __vector_56
                0x00000122                __vector_7
                0x00000122                __vector_49
                0x00000122                __vector_41
                0x00000122                __vector_43
                0x00000122                __vector_27
                0x00000122                __vector_5
                0x00000122                __vector_33
                0x00000122                __vector_47
                0x00000122                __vector_52
                0x00000122                __vector_37
                0x00000122                __vector_4
                0x00000122                __vector_44
                0x00000122                __vector_51
                0x00000122                __vector_9
                0x00000122                __vector_2
                0x00000122                __vector_15
                0x00000122                __vector_36
                0x00000122                __vector_29
                0x00000122                __vector_40
                0x00000122                __vector_8
                0x00000122                __vector_48
                0x00000122                __vector_14
                0x00000122                __vector_53
                0x00000122                __vector_10
                0x00000122                __vector_50
                0x00000122                __vector_16
                0x00000122                __vector_18
                0x00000122                __vector_20
                0x00000122                __vector_42
                0x00000124                . = ALIGN (0x2)
 *(.text.*)
 .text.ADC_Normalize
                0x00000124       0x6e ADC.o
                0x00000124                ADC_Normalize
 .text.ADC_Read
                0x00000192       0x2a ADC.o
                0x00000192                ADC_Read
 .text.ADC_Ini  0x000001bc       0x70 ADC.o
                0x000001bc                ADC_Ini
 .text.ADC_MinMax
                0x0000022c       0x98 ADC.o
                0x0000022c                ADC_MinMax
 .text.Timer2_Set_Volume
                0x000002c4        0x4 ADC.o
                0x000002c4                Timer2_Set_Volume
 .text.main     0x000002c8       0x30 main.o
                0x000002c8                main
 .text.Timer0_Ini
                0x000002f8       0x16 Timer.o
                0x000002f8                Timer0_Ini
 .text.Timer2_Freq_Gen
                0x0000030e       0x4a Timer.o
                0x0000030e                Timer2_Freq_Gen
 .text.__vector_21
                0x00000358       0xfe Timer.o
                0x00000358                __vector_21
 .text.Timer2_Play
                0x00000456       0x28 Timer.o
                0x00000456                Timer2_Play
 .text.Timer2_Volume
                0x0000047e       0x3a Timer.o
                0x0000047e                Timer2_Volume
 .text.UART0_Ini
                0x000004b8       0x4a UART0.o
                0x000004b8                UART0_Ini
 .text.UART0_putchar
                0x00000502       0xa0 UART0.o
                0x00000502                UART0_putchar
 .text.__vector_26
                0x000005a2       0xba UART0.o
                0x000005a2                __vector_26
 .text.UART0_available
                0x0000065c       0x2a UART0.o
                0x0000065c                UART0_available
 .text.UART0_getchar
                0x00000686       0x76 UART0.o
                0x00000686                UART0_getchar
 .text.__vector_25
                0x000006fc       0x8e UART0.o
                0x000006fc                __vector_25
 .text.UART0_puts
                0x0000078a       0x1c UART0.o
                0x0000078a                UART0_puts
 .text.itoa     0x000007a6       0xe0 UART0.o
                0x000007a6                itoa
 .text.UART0_AutoBaudRate
                0x00000886       0x2c UART0.o
                0x00000886                UART0_AutoBaudRate
 .text.libgcc.div
                0x000008b2       0x28 d:/program files (x86)/7.0/toolchain/avr8/avr8-gnu-toolchain/bin/../lib/gcc/avr/5.4.0/avr6\libgcc.a(_udivmodhi4.o)
                0x000008b2                __udivmodhi4
 .text.libgcc.div
                0x000008da       0x28 d:/program files (x86)/7.0/toolchain/avr8/avr8-gnu-toolchain/bin/../lib/gcc/avr/5.4.0/avr6\libgcc.a(_divmodsi4.o)
                0x000008da                __divmodsi4
 .text.libgcc.div
                0x00000902       0x10 d:/program files (x86)/7.0/toolchain/avr8/avr8-gnu-toolchain/bin/../lib/gcc/avr/5.4.0/avr6\libgcc.a(_negsi2.o)
                0x00000902                __negsi2
 .text.libgcc.mul
                0x00000912       0x1e d:/program files (x86)/7.0/toolchain/avr8/avr8-gnu-toolchain/bin/../lib/gcc/avr/5.4.0/avr6\libgcc.a(_umulhisi3.o)
                0x00000912                __umulhisi3
 .text.libgcc.div
                0x00000930       0x44 d:/program files (x86)/7.0/toolchain/avr8/avr8-gnu-toolchain/bin/../lib/gcc/avr/5.4.0/avr6\libgcc.a(_udivmodsi4.o)
                0x00000930                __udivmodsi4
                0x00000974                . = ALIGN (0x2)
 *(.fini9)
 .fini9         0x00000974        0x0 d:/program files (x86)/7.0/toolchain/avr8/avr8-gnu-toolchain/bin/../lib/gcc/avr/5.4.0/avr6\libgcc.a(_exit.o)
                0x00000974                _exit
                0x00000974                exit
 *(.fini9)
 *(.fini8)
 *(.fini8)
 *(.fini7)
 *(.fini7)
 *(.fini6)
 *(.fini6)
 *(.fini5)
 *(.fini5)
 *(.fini4)
 *(.fini4)
 *(.fini3)
 *(.fini3)
 *(.fini2)
 *(.fini2)
 *(.fini1)
 *(.fini1)
 *(.fini0)
 .fini0         0x00000974        0x4 d:/program files (x86)/7.0/toolchain/avr8/avr8-gnu-toolchain/bin/../lib/gcc/avr/5.4.0/avr6\libgcc.a(_exit.o)
 *(.fini0)
                0x00000978                _etext = .

.data           0x00800200      0x198 load address 0x00000978
                0x00800200                PROVIDE (__data_start, .)
 *(.data)
 *(.data*)
 .data.cambio   0x00800200        0x1 Timer.o
 *(.rodata)
 *(.rodata*)
 .rodata.str1.1
                0x00800201       0x73 ADC.o
 .rodata.ImperialMarch
                0x00800274      0x118 main.o
                0x00800274                ImperialMarch
 .rodata.str1.1
                0x0080038c        0xc Timer.o
 *(.gnu.linkonce.d*)
                0x00800398                . = ALIGN (0x2)
                0x00800398                _edata = .
                0x00800398                PROVIDE (__data_end, .)

.bss            0x00800398       0xa8
                0x00800398                PROVIDE (__bss_start, .)
 *(.bss)
 *(.bss*)
 .bss.offsetADC
                0x00800398        0x2 ADC.o
 .bss.min       0x0080039a        0x2 ADC.o
 .bss.max       0x0080039c        0x2 ADC.o
 .bss.volumenChar.1661
                0x0080039e       0x14 Timer.o
 .bss.mSeg.1650
                0x008003b2        0x2 Timer.o
 .bss.delay     0x008003b4        0x2 Timer.o
 .bss.volumen   0x008003b6        0x2 Timer.o
 .bss.Fin       0x008003b8        0x1 Timer.o
 .bss.cntNota   0x008003b9        0x1 Timer.o
 *(COMMON)
 COMMON         0x008003ba        0x2 Timer.o
                0x008003ba                cancion
 COMMON         0x008003bc       0x84 UART0.o
                0x008003bc                bufferRx
                0x008003fe                bufferTx
                0x00800440                PROVIDE (__bss_end, .)
                0x00000978                __data_load_start = LOADADDR (.data)
                0x00000b10                __data_load_end = (__data_load_start + SIZEOF (.data))

.noinit         0x00800440        0x0
                [!provide]                PROVIDE (__noinit_start, .)
 *(.noinit*)
                [!provide]                PROVIDE (__noinit_end, .)
                0x00800440                _end = .
                [!provide]                PROVIDE (__heap_start, .)

.eeprom         0x00810000        0x0
 *(.eeprom*)
                0x00810000                __eeprom_end = .

.fuse
 *(.fuse)
 *(.lfuse)
 *(.hfuse)
 *(.efuse)

.lock
 *(.lock*)

.signature
 *(.signature*)

.user_signatures
 *(.user_signatures*)

.stab
 *(.stab)

.stabstr
 *(.stabstr)

.stab.excl
 *(.stab.excl)

.stab.exclstr
 *(.stab.exclstr)

.stab.index
 *(.stab.index)

.stab.indexstr
 *(.stab.indexstr)

.comment        0x00000000       0x30
 *(.comment)
 .comment       0x00000000       0x30 ADC.o
                                 0x31 (size before relaxing)
 .comment       0x00000030       0x31 main.o
 .comment       0x00000030       0x31 Timer.o
 .comment       0x00000030       0x31 UART0.o

.note.gnu.avr.deviceinfo
                0x00000000       0x40
 .note.gnu.avr.deviceinfo
                0x00000000       0x40 D:/Program Files (x86)/7.0/Packs/atmel/ATmega_DFP/1.2.132/gcc/dev/atmega2560/avr6/crtatmega2560.o

.note.gnu.build-id
 *(.note.gnu.build-id)

.debug
 *(.debug)

.line
 *(.line)

.debug_srcinfo
 *(.debug_srcinfo)

.debug_sfnames
 *(.debug_sfnames)

.debug_aranges  0x00000000      0x100
 *(.debug_aranges)
 .debug_aranges
                0x00000000       0x40 ADC.o
 .debug_aranges
                0x00000040       0x20 main.o
 .debug_aranges
                0x00000060       0x40 Timer.o
 .debug_aranges
                0x000000a0       0x60 UART0.o

.debug_pubnames
 *(.debug_pubnames)

.debug_info     0x00000000     0x16f4
 *(.debug_info .gnu.linkonce.wi.*)
 .debug_info    0x00000000      0xbbc D:/Program Files (x86)/7.0/Packs/atmel/ATmega_DFP/1.2.132/gcc/dev/atmega2560/avr6/crtatmega2560.o
 .debug_info    0x00000bbc      0x3a2 ADC.o
 .debug_info    0x00000f5e      0x27b main.o
 .debug_info    0x000011d9      0x2b6 Timer.o
 .debug_info    0x0000148f      0x265 UART0.o

.debug_abbrev   0x00000000     0x1005
 *(.debug_abbrev)
 .debug_abbrev  0x00000000      0xb1a D:/Program Files (x86)/7.0/Packs/atmel/ATmega_DFP/1.2.132/gcc/dev/atmega2560/avr6/crtatmega2560.o
 .debug_abbrev  0x00000b1a      0x11f ADC.o
 .debug_abbrev  0x00000c39       0xfb main.o
 .debug_abbrev  0x00000d34      0x15a Timer.o
 .debug_abbrev  0x00000e8e      0x177 UART0.o

.debug_line     0x00000000      0x91d
 *(.debug_line .debug_line.* .debug_line_end)
 .debug_line    0x00000000      0x1f9 D:/Program Files (x86)/7.0/Packs/atmel/ATmega_DFP/1.2.132/gcc/dev/atmega2560/avr6/crtatmega2560.o
 .debug_line    0x000001f9      0x1ec ADC.o
 .debug_line    0x000003e5       0xea main.o
 .debug_line    0x000004cf      0x1c5 Timer.o
 .debug_line    0x00000694      0x289 UART0.o

.debug_frame    0x00000000      0x2a8
 *(.debug_frame)
 .debug_frame   0x00000000       0x8c ADC.o
 .debug_frame   0x0000008c       0x24 main.o
 .debug_frame   0x000000b0       0xac Timer.o
 .debug_frame   0x0000015c      0x14c UART0.o

.debug_str      0x00000000      0x718
 *(.debug_str)
 .debug_str     0x00000000      0x3e6 D:/Program Files (x86)/7.0/Packs/atmel/ATmega_DFP/1.2.132/gcc/dev/atmega2560/avr6/crtatmega2560.o
 .debug_str     0x000003e6      0x1c6 ADC.o
                                0x1ff (size before relaxing)
 .debug_str     0x000005ac       0x81 main.o
                                0x215 (size before relaxing)
 .debug_str     0x0000062d       0x76 Timer.o
                                0x208 (size before relaxing)
 .debug_str     0x000006a3       0x75 UART0.o
                                0x212 (size before relaxing)

.debug_loc      0x00000000      0x6fd
 *(.debug_loc)
 .debug_loc     0x00000000      0x145 ADC.o
 .debug_loc     0x00000145      0x184 Timer.o
 .debug_loc     0x000002c9      0x434 UART0.o

.debug_macinfo
 *(.debug_macinfo)

.debug_weaknames
 *(.debug_weaknames)

.debug_funcnames
 *(.debug_funcnames)

.debug_typenames
 *(.debug_typenames)

.debug_varnames
 *(.debug_varnames)

.debug_pubtypes
 *(.debug_pubtypes)

.debug_ranges   0x00000000       0xc0
 *(.debug_ranges)
 .debug_ranges  0x00000000       0x30 ADC.o
 .debug_ranges  0x00000030       0x10 main.o
 .debug_ranges  0x00000040       0x30 Timer.o
 .debug_ranges  0x00000070       0x50 UART0.o

.debug_macro
 *(.debug_macro)
OUTPUT(P11.elf elf32-avr)
LOAD linker stubs
